
> lumina-tracker@0.0.0 build
> ng build

npm : Node.js version v21.6.1 detected.
At line:1 char:1
+ npm run build > build_output.txt 2>&1
+ ~~~~~~~~~~~~~~~~~~~~~~~~~~~~~~~~~~~~~
    + CategoryInfo          : NotSpecified: (Node.js version v21.6.1 detected.:String) [], RemoteException
    + FullyQualifiedErrorId : NativeCommandError
 
Odd numbered Node.js versions will not enter LTS status and should not be used for production. For more information, please see 
https://nodejs.org/en/about/previous-releases/.
- Building...

Initial chunk files   | Names         |  Raw size | Estimated transfer size
main-JTIUJHRL.js      | main          | 557.06 kB |               143.91 kB
polyfills-FFHMD2TL.js | polyfills     |  33.71 kB |                11.02 kB
styles-HNARMCR3.css   | styles        |   3.66 kB |               722 bytes

                      | Initial total | 594.44 kB |               155.63 kB

Application bundle generation failed. [9.573 seconds]

Γû▓ [WARNING] bundle initial exceeded maximum budget. Budget 500.00 kB was not met by 94.44 kB with a total of 594.44 kB.


Γû▓ [WARNING] angular:styles/component:css;71eb1dd9ad6f1987edb994047e93d86fac922f3fb72fc1f7ef17ad2dd951a0db;C:/Users/chinmoy/.gemini/antigravity/playground/grav
itic-universe/lumina-tracker/src/app/components/add-expense-modal/add-expense-modal.component.ts exceeded maximum budget. Budget 2.00 kB was not met by 1.15 kB 
with a total of 3.15 kB.


Γû▓ [WARNING] angular:styles/component:css;50ca769b48b439af0148e6919f3823cd24a62c27b90dfaf55ed235d7cc8a0bfa;C:/Users/chinmoy/.gemini/antigravity/playground/grav
itic-universe/lumina-tracker/src/app/components/category-manager/category-manager.component.ts exceeded maximum budget. Budget 2.00 kB was not met by 239 bytes 
with a total of 2.23 kB.


Γû▓ [WARNING] angular:styles/component:css;6dc4f870947eb29e5dd2f47e38f999ffdd400c0559f207b43a4f2d82f4b3764b;C:/Users/chinmoy/.gemini/antigravity/playground/grav
itic-universe/lumina-tracker/src/app/components/bank-dashboard/bank-dashboard.component.ts exceeded maximum budget. Budget 2.00 kB was not met by 2.11 kB with 
a total of 4.11 kB.


X [ERROR] angular:styles/component:css;6dc4f870947eb29e5dd2f47e38f999ffdd400c0559f207b43a4f2d82f4b3764b;C:/Users/chinmoy/.gemini/antigravity/playground/gravitic
-universe/lumina-tracker/src/app/components/bank-dashboard/bank-dashboard.component.ts exceeded maximum budget. Budget 4.00 kB was not met by 116 bytes with a 
total of 4.11 kB.


